---
source: quic/s2n-quic-core/src/packet/number/tests.rs
expression: "size_of::<PacketNumberLen>()"
---
2
