---
source: quic/s2n-quic-transport/src/ack/ack_transmission_state.rs
expression: "size_of::<AckTransmissionState>()"
---
16
