---
source: quic/s2n-quic-transport/src/ack/ack_manager.rs
expression: "Simulation {\n        network: Network {\n            client: Application::new(Endpoint::new(ack::Settings {\n                            max_ack_delay: Duration::from_millis(25),\n                            ack_delay_exponent: 1,\n                            ..Default::default()\n                        }),\n                    [Duration::from_millis(5)].iter().cycle().take(100).cloned()).into(),\n            server: Application::new(Endpoint::new(ack::Settings {\n                            max_ack_delay: Duration::from_millis(100),\n                            ack_delay_exponent: 1,\n                            ..Default::default()\n                        }),\n                    [Duration::from_millis(5)].iter().cycle().take(100).cloned()).into(),\n        },\n        events: empty().collect(),\n        delay: Duration::from_millis(1000),\n    }.run()"
---
Report {
    client: EndpointReport {
        pending_ack_ranges: Ranges(
            {
                PacketNumber(
                    ApplicationData,
                    90,
                )..=PacketNumber(
                    ApplicationData,
                    112,
                ),
            },
        ),
        total_transmissions: 119,
        ack_eliciting_transmissions: 103,
        ack_transmissions: 19,
        congested_transmissions: 0,
        dropped_transmissions: 0,
        delayed_transmissions: 0,
        processed_transmissions: 119,
    },
    server: EndpointReport {
        pending_ack_ranges: Ranges(
            {
                PacketNumber(
                    ApplicationData,
                    100,
                )..=PacketNumber(
                    ApplicationData,
                    118,
                ),
            },
        ),
        total_transmissions: 113,
        ack_eliciting_transmissions: 102,
        ack_transmissions: 13,
        congested_transmissions: 0,
        dropped_transmissions: 0,
        delayed_transmissions: 0,
        processed_transmissions: 113,
    },
    iterations: 233,
}
