---
source: quic/s2n-quic-rustls/src/cipher_suite.rs
expression: DEFAULT_CIPHERSUITES
---
[
    TLS13_AES_128_GCM_SHA256,
    TLS13_AES_256_GCM_SHA384,
    TLS13_CHACHA20_POLY1305_SHA256,
]
