---
source: quic/s2n-quic-crypto/src/cipher_suite.rs
expression: "u64::pow(2, 62)"
---
4611686018427387904
