---
source: quic/s2n-quic-core/src/recovery/sent_packets.rs
expression: "core::mem::size_of::<SentPacketInfo>()"
---
16
