---
source: quic/s2n-quic-transport/src/recovery/manager/tests.rs
expression: ""
---
AckRangeReceived { packet_header: OneRtt { number: 1 }, path: Path { local_addr: 0.0.0.0:0, local_cid: 0x4c6f63616c4900000000000000004c6f63616c49, remote_addr: 0.0.0.0:0, remote_cid: 0x5065657249640000000000000000506565724964, id: 0, is_active: true }, ack_range: 1..=3 }
RecoveryMetrics { path: Path { local_addr: 0.0.0.0:0, local_cid: 0x4c6f63616c4900000000000000004c6f63616c49, remote_addr: 0.0.0.0:0, remote_cid: 0x5065657249640000000000000000506565724964, id: 0, is_active: true }, min_rtt: 500ms, smoothed_rtt: 500ms, latest_rtt: 500ms, rtt_variance: 250ms, max_ack_delay: 10ms, pto_count: 0, congestion_window: 15000, bytes_in_flight: 1280, congestion_limited: false }
AckRangeReceived { packet_header: OneRtt { number: 1 }, path: Path { local_addr: 0.0.0.0:0, local_cid: 0x4c6f63616c4900000000000000004c6f63616c49, remote_addr: 0.0.0.0:0, remote_cid: 0x5065657249640000000000000000506565724964, id: 0, is_active: true }, ack_range: 1..=3 }
RecoveryMetrics { path: Path { local_addr: 0.0.0.0:0, local_cid: 0x4c6f63616c4900000000000000004c6f63616c49, remote_addr: 0.0.0.0:0, remote_cid: 0x5065657249640000000000000000506565724964, id: 0, is_active: true }, min_rtt: 500ms, smoothed_rtt: 500ms, latest_rtt: 500ms, rtt_variance: 250ms, max_ack_delay: 10ms, pto_count: 1, congestion_window: 15000, bytes_in_flight: 1280, congestion_limited: false }
AckRangeReceived { packet_header: OneRtt { number: 7 }, path: Path { local_addr: 0.0.0.0:0, local_cid: 0x4c6f63616c4900000000000000004c6f63616c49, remote_addr: 0.0.0.0:0, remote_cid: 0x5065657249640000000000000000506565724964, id: 0, is_active: true }, ack_range: 7..=9 }
PacketLost { packet_header: OneRtt { number: 4 }, path: Path { local_addr: 0.0.0.0:0, local_cid: 0x4c6f63616c4900000000000000004c6f63616c49, remote_addr: 0.0.0.0:0, remote_cid: 0x5065657249640000000000000000506565724964, id: 0, is_active: true }, bytes_lost: 128, is_mtu_probe: false }
PacketLost { packet_header: OneRtt { number: 5 }, path: Path { local_addr: 0.0.0.0:0, local_cid: 0x4c6f63616c4900000000000000004c6f63616c49, remote_addr: 0.0.0.0:0, remote_cid: 0x5065657249640000000000000000506565724964, id: 0, is_active: true }, bytes_lost: 128, is_mtu_probe: false }
PacketLost { packet_header: OneRtt { number: 6 }, path: Path { local_addr: 0.0.0.0:0, local_cid: 0x4c6f63616c4900000000000000004c6f63616c49, remote_addr: 0.0.0.0:0, remote_cid: 0x5065657249640000000000000000506565724964, id: 0, is_active: true }, bytes_lost: 128, is_mtu_probe: false }
Congestion { path: Path { local_addr: 0.0.0.0:0, local_cid: 0x4c6f63616c4900000000000000004c6f63616c49, remote_addr: 0.0.0.0:0, remote_cid: 0x5065657249640000000000000000506565724964, id: 0, is_active: true }, source: PacketLoss }
RecoveryMetrics { path: Path { local_addr: 0.0.0.0:0, local_cid: 0x4c6f63616c4900000000000000004c6f63616c49, remote_addr: 0.0.0.0:0, remote_cid: 0x5065657249640000000000000000506565724964, id: 0, is_active: true }, min_rtt: 500ms, smoothed_rtt: 749.99875ms, latest_rtt: 2.5s, rtt_variance: 687.4975ms, max_ack_delay: 10ms, pto_count: 0, congestion_window: 15000, bytes_in_flight: 896, congestion_limited: false }
AckRangeReceived { packet_header: OneRtt { number: 10 }, path: Path { local_addr: 0.0.0.0:0, local_cid: 0x4c6f63616c4900000000000000004c6f63616c49, remote_addr: 0.0.0.0:0, remote_cid: 0x5065657249640000000000000000506565724964, id: 0, is_active: true }, ack_range: 10..=10 }
RecoveryMetrics { path: Path { local_addr: 0.0.0.0:0, local_cid: 0x4c6f63616c4900000000000000004c6f63616c49, remote_addr: 0.0.0.0:0, remote_cid: 0x5065657249640000000000000000506565724964, id: 0, is_active: true }, min_rtt: 500ms, smoothed_rtt: 1.031247651s, latest_rtt: 3s, rtt_variance: 1.078120937s, max_ack_delay: 10ms, pto_count: 1, congestion_window: 15000, bytes_in_flight: 0, congestion_limited: false }
AckRangeReceived { packet_header: OneRtt { number: 11 }, path: Path { local_addr: 0.0.0.0:0, local_cid: 0x4c6f63616c4900000000000000004c6f63616c49, remote_addr: 0.0.0.0:0, remote_cid: 0x5065657249640000000000000000506565724964, id: 0, is_active: true }, ack_range: 11..=11 }
RecoveryMetrics { path: Path { local_addr: 0.0.0.0:0, local_cid: 0x4c6f63616c4900000000000000004c6f63616c49, remote_addr: 0.0.0.0:0, remote_cid: 0x5065657249640000000000000000506565724964, id: 0, is_active: true }, min_rtt: 500ms, smoothed_rtt: 1.031247651s, latest_rtt: 3s, rtt_variance: 1.078120937s, max_ack_delay: 10ms, pto_count: 1, congestion_window: 15000, bytes_in_flight: 128, congestion_limited: false }
