---
source: quic/s2n-quic-core/src/frame/mod.rs
expression: values
---
[
    MaxStreamData(
        MaxStreamData {
            stream_id: VarInt(
                1,
            ),
            maximum_stream_data: VarInt(
                2,
            ),
        },
    ),
]
