---
source: quic/s2n-quic-core/src/frame/crypto.rs
expression: "CryptoRef::get_max_frame_size(16)"
---
29
