---
source: quic/s2n-quic-core/src/frame/mod.rs
expression: values
---
[
    PathResponse(
        PathResponse {
            data: [
                1,
                2,
                3,
                4,
                5,
                6,
                7,
                8,
            ],
        },
    ),
    Padding(
        Padding {
            length: 1,
        },
    ),
]
