---
source: quic/s2n-quic-core/src/frame/mod.rs
expression: frames
---
[
    NewConnectionID(
        NewConnectionID {
            sequence_number: VarInt(
                2,
            ),
            retire_prior_to: VarInt(
                1,
            ),
            connection_id: [
                1,
                2,
                3,
                4,
                5,
            ],
            stateless_reset_token: [
                1,
                2,
                3,
                4,
                5,
                6,
                7,
                8,
                9,
                10,
                11,
                12,
                13,
                14,
                15,
                16,
            ],
        },
    ),
    Padding(
        Padding {
            length: 1,
        },
    ),
]
