---
source: quic/s2n-quic-core/src/recovery/pacing/tests.rs
expression: ""
---

