---
source: netbench/src/multiplex.rs
assertion_line: 549
expression: (server_trace.1).as_str().unwrap()

---
0:00:00.000001: 1:accept: stream=0
0:00:00.000001: 1:1.0:exec: Receive { stream_id: 0, bytes: Byte(1000) }
0:00:00.000001: 1:1.0:recv: stream=0, len=1000
0:00:00.000001: 1:1.0:exec: ReceiveFinish { stream_id: 0 }
0:00:00.000001: 1:1.0:recv finish: stream=0

