---
source: quic/s2n-quic-core/src/recovery/bbr/tests.rs
expression: ""
---
BbrStateChanged { path_id: 0, state: Drain }
BbrStateChanged { path_id: 0, state: ProbeBwDown }
