---
source: quic/s2n-quic-core/src/event/snapshot.rs
input_file: quic/s2n-quic-core/src/recovery/bbr/probe_bw.rs
---
BbrStateChanged { path_id: 0, state: ProbeBwDown }
