---
source: quic/s2n-quic-core/src/recovery/cubic/tests.rs
expression: ""
---
SlowStartExited { path_id: 0, cause: Other, congestion_window: 10100 }
