---
source: quic/s2n-quic-core/src/event/snapshot.rs
input_file: quic/s2n-quic-core/src/recovery/cubic/tests.rs
---
SlowStartExited { path_id: 0, cause: Other, congestion_window: 10100 }
