---
source: quic/s2n-quic-core/tests/recovery/simulation.rs
expression: self
---
Simulation {
    name: "App Limited 1MB",
    description: "App limited to 1MB per round with loss encountered at ~750KB",
    cc: "CubicCongestionController",
    rounds: [
          0: pkts: 10,
          1: pkts: 20,
          2: pkts: 40,
          3: pkts: 80,
          4: pkts: 160,
          5: pkts: 320,
          6: pkts: 640,
          7: pkts: 448,
          8: pkts: 457,
          9: pkts: 468,
         10: pkts: 481,
         11: pkts: 493,
         12: pkts: 505,
         13: pkts: 516,
         14: pkts: 527,
         15: pkts: 537,
         16: pkts: 546,
         17: pkts: 555,
         18: pkts: 563,
         19: pkts: 571,
         20: pkts: 578,
         21: pkts: 585,
         22: pkts: 591,
         23: pkts: 596,
         24: pkts: 602,
         25: pkts: 606,
         26: pkts: 611,
         27: pkts: 615,
         28: pkts: 618,
         29: pkts: 621,
         30: pkts: 624,
         31: pkts: 627,
         32: pkts: 629,
         33: pkts: 631,
         34: pkts: 633,
         35: pkts: 634,
         36: pkts: 635,
         37: pkts: 636,
         38: pkts: 637,
         39: pkts: 638,
         40: pkts: 638,
         41: pkts: 639,
         42: pkts: 639,
         43: pkts: 639,
         44: pkts: 639,
         45: pkts: 639,
         46: pkts: 639,
         47: pkts: 639,
         48: pkts: 640,
         49: pkts: 640,
         50: pkts: 640,
         51: pkts: 640,
         52: pkts: 640,
         53: pkts: 640,
         54: pkts: 641,
         55: pkts: 641,
         56: pkts: 642,
         57: pkts: 643,
         58: pkts: 644,
         59: pkts: 646,
         60: pkts: 647,
         61: pkts: 649,
         62: pkts: 651,
         63: pkts: 653,
         64: pkts: 656,
         65: pkts: 659,
         66: pkts: 663,
         67: pkts: 666,
         68: pkts: 670,
         69: pkts: 675,
         70: pkts: 680,
         71: pkts: 685,
         72: pkts: 691,
         73: pkts: 698,
         74: pkts: 705,
         75: pkts: 712,
         76: pkts: 720,
         77: pkts: 728,
         78: pkts: 737,
         79: pkts: 747,
         80: pkts: 758,
         81: pkts: 768,
         82: pkts: 780,
         83: pkts: 792,
         84: pkts: 805,
         85: pkts: 819,
         86: pkts: 833,
         87: pkts: 848,
         88: pkts: 862,
         89: pkts: 875,
         90: pkts: 875,
         91: pkts: 888,
         92: pkts: 888,
         93: pkts: 888,
         94: pkts: 888,
         95: pkts: 888,
         96: pkts: 888,
         97: pkts: 888,
         98: pkts: 888,
         99: pkts: 888,
        100: pkts: 888,
        101: pkts: 888,
        102: pkts: 888,
        103: pkts: 888,
        104: pkts: 888,
        105: pkts: 888,
        106: pkts: 888,
        107: pkts: 888,
        108: pkts: 888,
        109: pkts: 888,
        110: pkts: 888,
        111: pkts: 888,
        112: pkts: 888,
        113: pkts: 888,
        114: pkts: 888,
        115: pkts: 888,
        116: pkts: 888,
        117: pkts: 888,
        118: pkts: 888,
        119: pkts: 888,
    ],
}
