---
source: quic/s2n-quic-core/tests/recovery/simulation.rs
expression: self

---
Simulation {
    name: "Loss at 3MB and 2.75MB",
    description: "Loss encountered at ~3MB and ~2.75MB",
    cc: "s2n_quic_core::recovery::cubic::CubicCongestionController",
    rounds: [
          0: cwnd: 12000,
          1: cwnd: 24000,
          2: cwnd: 48000,
          3: cwnd: 96000,
          4: cwnd: 192000,
          5: cwnd: 384000,
          6: cwnd: 768000,
          7: cwnd: 1536000,
          8: cwnd: 3072000,
          9: cwnd: 2150400,
         10: cwnd: 2177957,
         11: cwnd: 2214787,
         12: cwnd: 2254221,
         13: cwnd: 2293776,
         14: cwnd: 2332539,
         15: cwnd: 2370177,
         16: cwnd: 2406593,
         17: cwnd: 2441748,
         18: cwnd: 2475647,
         19: cwnd: 2508321,
         20: cwnd: 2539773,
         21: cwnd: 2570031,
         22: cwnd: 2599120,
         23: cwnd: 2627060,
         24: cwnd: 2653885,
         25: cwnd: 2679601,
         26: cwnd: 2704239,
         27: cwnd: 2727827,
         28: cwnd: 2750384,
         29: cwnd: 1925268,
         30: cwnd: 1941343,
         31: cwnd: 1962657,
         32: cwnd: 1985264,
         33: cwnd: 2007707,
         34: cwnd: 2029461,
         35: cwnd: 2050340,
         36: cwnd: 2070290,
         37: cwnd: 2089312,
         38: cwnd: 2107414,
         39: cwnd: 2124616,
         40: cwnd: 2140939,
         41: cwnd: 2156407,
         42: cwnd: 2171042,
         43: cwnd: 2184867,
         44: cwnd: 2197904,
         45: cwnd: 2210180,
         46: cwnd: 2221715,
         47: cwnd: 2232534,
         48: cwnd: 2242655,
         49: cwnd: 2252104,
         50: cwnd: 2260906,
         51: cwnd: 2269084,
         52: cwnd: 2276661,
         53: cwnd: 2283661,
         54: cwnd: 2290099,
         55: cwnd: 2296005,
         56: cwnd: 2301409,
         57: cwnd: 2306313,
         58: cwnd: 2310764,
         59: cwnd: 2314767,
         60: cwnd: 2318357,
         61: cwnd: 2321546,
         62: cwnd: 2324376,
         63: cwnd: 2326842,
         64: cwnd: 2329004,
         65: cwnd: 2330839,
         66: cwnd: 2332399,
         67: cwnd: 2333730,
         68: cwnd: 2334786,
         69: cwnd: 2335635,
         70: cwnd: 2336315,
         71: cwnd: 2336866,
         72: cwnd: 2337224,
         73: cwnd: 2337412,
         74: cwnd: 2337520,
         75: cwnd: 2337569,
         76: cwnd: 2337582,
         77: cwnd: 2337583,
         78: cwnd: 2337595,
         79: cwnd: 2337640,
         80: cwnd: 2337742,
         81: cwnd: 2337923,
         82: cwnd: 2338208,
         83: cwnd: 2338618,
         84: cwnd: 2339141,
         85: cwnd: 2339769,
         86: cwnd: 2340560,
         87: cwnd: 2341587,
         88: cwnd: 2342878,
         89: cwnd: 2344370,
         90: cwnd: 2346137,
         91: cwnd: 2348230,
         92: cwnd: 2350614,
         93: cwnd: 2353349,
         94: cwnd: 2356457,
         95: cwnd: 2359942,
         96: cwnd: 2363850,
         97: cwnd: 2368184,
         98: cwnd: 2372983,
         99: cwnd: 2378258,
        100: cwnd: 2384036,
        101: cwnd: 2390348,
        102: cwnd: 2397201,
        103: cwnd: 2404634,
        104: cwnd: 2412660,
        105: cwnd: 2421304,
        106: cwnd: 2430592,
        107: cwnd: 2440548,
        108: cwnd: 2451186,
        109: cwnd: 2462537,
        110: cwnd: 2474626,
        111: cwnd: 2487472,
        112: cwnd: 2501092,
        113: cwnd: 2515519,
        114: cwnd: 2530772,
        115: cwnd: 2546871,
        116: cwnd: 2563849,
        117: cwnd: 2581720,
        118: cwnd: 2600508,
        119: cwnd: 2620239,
    ],
}
