---
source: quic/s2n-quic-core/src/path/ecn/tests.rs
expression: ""
---

